// Jest Snapshot v1, https://goo.gl/fbAQLP

exports[`component matches snapshot 1`] = `
<header>
  <h1>
    New header
  </h1>
</header>
`;

exports[`returns array of superheroes that can fly - snapshot 1`] = `
Array [
  Object {
    "name": "Dynaguy",
    "powers": Array [
      "disintegration ray",
      "fly",
    ],
  },
  Object {
    "name": "Apogee",
    "powers": Array [
      "gravity control",
      "fly",
    ],
  },
]
`;
